// Jest Snapshot v1, https://jestjs.io/docs/snapshot-testing

exports[`src/lib/sync sync should create all events for schedule 1`] = `
"lessons-1th	{}	2025-09-01T05:00:00.000Z	UTC	2025-09-01T05:45:00.000Z	UTC	RRULE:FREQ=WEEKLY;WKST=MO;UNTIL=20260525T000000Z;BYDAY=MO	Reading
lessons-1th	{}	2025-09-01T06:00:00.000Z	UTC	2025-09-01T06:45:00.000Z	UTC	RRULE:FREQ=WEEKLY;WKST=MO;UNTIL=20260525T000000Z;BYDAY=MO	Writing
lessons-1th	{}	2025-09-01T07:00:00.000Z	UTC	2025-09-01T07:45:00.000Z	UTC	RRULE:FREQ=WEEKLY;WKST=MO;UNTIL=20260525T000000Z;BYDAY=MO	Art
lessons-1th	{}	2025-09-01T08:30:00.000Z	UTC	2025-09-01T09:15:00.000Z	UTC	RRULE:FREQ=WEEKLY;WKST=MO;UNTIL=20260525T000000Z;BYDAY=MO	Music
lessons-1th	{}	2025-09-02T05:00:00.000Z	UTC	2025-09-02T05:45:00.000Z	UTC	RRULE:FREQ=WEEKLY;WKST=MO;UNTIL=20260525T000000Z;BYDAY=TU	Math
lessons-1th	{}	2025-09-02T06:00:00.000Z	UTC	2025-09-02T06:45:00.000Z	UTC	RRULE:FREQ=WEEKLY;WKST=MO;UNTIL=20260525T000000Z;BYDAY=TU	Story Time
lessons-1th	{}	2025-09-02T07:00:00.000Z	UTC	2025-09-02T07:45:00.000Z	UTC	RRULE:FREQ=WEEKLY;WKST=MO;UNTIL=20260525T000000Z;BYDAY=TU	Physical Education
lessons-1th	{}	2025-09-02T08:30:00.000Z	UTC	2025-09-02T09:15:00.000Z	UTC	RRULE:FREQ=WEEKLY;WKST=MO;UNTIL=20260525T000000Z;BYDAY=TU	Drawing
lessons-1th	{}	2025-09-02T09:30:00.000Z	UTC	2025-09-02T10:15:00.000Z	UTC	RRULE:FREQ=WEEKLY;WKST=MO;UNTIL=20260525T000000Z;BYDAY=TU	Crafts
lessons-1th	{}	2025-09-03T05:00:00.000Z	UTC	2025-09-03T05:45:00.000Z	UTC	RRULE:FREQ=WEEKLY;WKST=MO;UNTIL=20260525T000000Z;BYDAY=WE	Nature Study
lessons-1th	{}	2025-09-03T06:00:00.000Z	UTC	2025-09-03T06:45:00.000Z	UTC	RRULE:FREQ=WEEKLY;WKST=MO;UNTIL=20260525T000000Z;BYDAY=WE	Handwriting
lessons-1th	{}	2025-09-03T07:00:00.000Z	UTC	2025-09-03T07:45:00.000Z	UTC	RRULE:FREQ=WEEKLY;WKST=MO;UNTIL=20260525T000000Z;BYDAY=WE	Singing
lessons-1th	{}	2025-09-03T08:30:00.000Z	UTC	2025-09-03T09:15:00.000Z	UTC	RRULE:FREQ=WEEKLY;WKST=MO;UNTIL=20260525T000000Z;BYDAY=WE	Painting
lessons-1th	{}	2025-09-04T05:00:00.000Z	UTC	2025-09-04T05:45:00.000Z	UTC	RRULE:FREQ=WEEKLY;WKST=MO;UNTIL=20260525T000000Z;BYDAY=TH	Math
lessons-1th	{}	2025-09-04T06:00:00.000Z	UTC	2025-09-04T06:45:00.000Z	UTC	RRULE:FREQ=WEEKLY;WKST=MO;UNTIL=20260525T000000Z;BYDAY=TH	Reading
lessons-1th	{}	2025-09-04T07:00:00.000Z	UTC	2025-09-04T07:45:00.000Z	UTC	RRULE:FREQ=WEEKLY;WKST=MO;UNTIL=20260525T000000Z;BYDAY=TH	Game Time
lessons-1th	{}	2025-09-04T08:30:00.000Z	UTC	2025-09-04T09:15:00.000Z	UTC	RRULE:FREQ=WEEKLY;WKST=MO;UNTIL=20260525T000000Z;BYDAY=TH	Art
lessons-1th	{}	2025-09-04T09:30:00.000Z	UTC	2025-09-04T10:15:00.000Z	UTC	RRULE:FREQ=WEEKLY;WKST=MO;UNTIL=20260525T000000Z;BYDAY=TH	Story Time
lessons-1th	{}	2025-09-05T05:00:00.000Z	UTC	2025-09-05T05:45:00.000Z	UTC	RRULE:FREQ=WEEKLY;WKST=MO;UNTIL=20260525T000000Z;BYDAY=FR	English
lessons-1th	{}	2025-09-05T06:00:00.000Z	UTC	2025-09-05T06:45:00.000Z	UTC	RRULE:FREQ=WEEKLY;WKST=MO;UNTIL=20260525T000000Z;BYDAY=FR	Coloring
lessons-1th	{}	2025-09-05T07:00:00.000Z	UTC	2025-09-05T07:45:00.000Z	UTC	RRULE:FREQ=WEEKLY;WKST=MO;UNTIL=20260525T000000Z;BYDAY=FR	Physical Education
lessons-1th	{}	2025-09-05T08:30:00.000Z	UTC	2025-09-05T09:15:00.000Z	UTC	RRULE:FREQ=WEEKLY;WKST=MO;UNTIL=20260525T000000Z;BYDAY=FR	Story Time
lessons-hs	{}	2025-09-01T11:00:00.000Z	UTC	2025-09-01T11:45:00.000Z	UTC	RRULE:FREQ=WEEKLY;WKST=MO;UNTIL=20260525T000000Z;BYDAY=MO	Mathematics
lessons-hs	{}	2025-09-01T12:00:00.000Z	UTC	2025-09-01T12:45:00.000Z	UTC	RRULE:FREQ=WEEKLY;WKST=MO;UNTIL=20260525T000000Z;BYDAY=MO	English Literature
lessons-hs	{}	2025-09-01T13:00:00.000Z	UTC	2025-09-01T13:45:00.000Z	UTC	RRULE:FREQ=WEEKLY;WKST=MO;UNTIL=20260525T000000Z;BYDAY=MO	Physics
lessons-hs	{}	2025-09-01T14:30:00.000Z	UTC	2025-09-01T15:15:00.000Z	UTC	RRULE:FREQ=WEEKLY;WKST=MO;UNTIL=20260525T000000Z;BYDAY=MO	History
lessons-hs	{}	2025-09-01T15:30:00.000Z	UTC	2025-09-01T16:15:00.000Z	UTC	RRULE:FREQ=WEEKLY;WKST=MO;UNTIL=20260525T000000Z;BYDAY=MO	Computer Science
lessons-hs	{}	2025-09-02T11:00:00.000Z	UTC	2025-09-02T11:45:00.000Z	UTC	RRULE:FREQ=WEEKLY;WKST=MO;UNTIL=20260525T000000Z;BYDAY=TU	Chemistry
lessons-hs	{}	2025-09-02T12:00:00.000Z	UTC	2025-09-02T12:45:00.000Z	UTC	RRULE:FREQ=WEEKLY;WKST=MO;UNTIL=20260525T000000Z;BYDAY=TU	Physical Education
lessons-hs	{}	2025-09-02T13:00:00.000Z	UTC	2025-09-02T13:45:00.000Z	UTC	RRULE:FREQ=WEEKLY;WKST=MO;UNTIL=20260525T000000Z;BYDAY=TU	English Language
lessons-hs	{}	2025-09-02T14:30:00.000Z	UTC	2025-09-02T15:15:00.000Z	UTC	RRULE:FREQ=WEEKLY;WKST=MO;UNTIL=20260525T000000Z;BYDAY=TU	Biology
lessons-hs	{}	2025-09-03T11:00:00.000Z	UTC	2025-09-03T11:45:00.000Z	UTC	RRULE:FREQ=WEEKLY;WKST=MO;UNTIL=20260525T000000Z;BYDAY=WE	Geography
lessons-hs	{}	2025-09-03T12:00:00.000Z	UTC	2025-09-03T12:45:00.000Z	UTC	RRULE:FREQ=WEEKLY;WKST=MO;UNTIL=20260525T000000Z;BYDAY=WE	Mathematics
lessons-hs	{}	2025-09-03T13:00:00.000Z	UTC	2025-09-03T13:45:00.000Z	UTC	RRULE:FREQ=WEEKLY;WKST=MO;UNTIL=20260525T000000Z;BYDAY=WE	Economics
lessons-hs	{}	2025-09-03T14:30:00.000Z	UTC	2025-09-03T15:15:00.000Z	UTC	RRULE:FREQ=WEEKLY;WKST=MO;UNTIL=20260525T000000Z;BYDAY=WE	Art
lessons-hs	{}	2025-09-03T15:30:00.000Z	UTC	2025-09-03T16:15:00.000Z	UTC	RRULE:FREQ=WEEKLY;WKST=MO;UNTIL=20260525T000000Z;BYDAY=WE	Philosophy
lessons-hs	{}	2025-09-04T11:00:00.000Z	UTC	2025-09-04T11:45:00.000Z	UTC	RRULE:FREQ=WEEKLY;WKST=MO;UNTIL=20260525T000000Z;BYDAY=TH	English Language
lessons-hs	{}	2025-09-04T12:00:00.000Z	UTC	2025-09-04T12:45:00.000Z	UTC	RRULE:FREQ=WEEKLY;WKST=MO;UNTIL=20260525T000000Z;BYDAY=TH	Physics
lessons-hs	{}	2025-09-04T13:00:00.000Z	UTC	2025-09-04T13:45:00.000Z	UTC	RRULE:FREQ=WEEKLY;WKST=MO;UNTIL=20260525T000000Z;BYDAY=TH	History
lessons-hs	{}	2025-09-04T14:30:00.000Z	UTC	2025-09-04T15:15:00.000Z	UTC	RRULE:FREQ=WEEKLY;WKST=MO;UNTIL=20260525T000000Z;BYDAY=TH	Computer Science
lessons-hs	{}	2025-09-05T11:00:00.000Z	UTC	2025-09-05T11:45:00.000Z	UTC	RRULE:FREQ=WEEKLY;WKST=MO;UNTIL=20260525T000000Z;BYDAY=FR	Biology
lessons-hs	{}	2025-09-05T12:00:00.000Z	UTC	2025-09-05T12:45:00.000Z	UTC	RRULE:FREQ=WEEKLY;WKST=MO;UNTIL=20260525T000000Z;BYDAY=FR	Mathematics
lessons-hs	{}	2025-09-05T13:00:00.000Z	UTC	2025-09-05T13:45:00.000Z	UTC	RRULE:FREQ=WEEKLY;WKST=MO;UNTIL=20260525T000000Z;BYDAY=FR	Chemistry
lessons-hs	{}	2025-09-05T14:30:00.000Z	UTC	2025-09-05T15:15:00.000Z	UTC	RRULE:FREQ=WEEKLY;WKST=MO;UNTIL=20260525T000000Z;BYDAY=FR	English Literature
lessons-hs	{}	2025-09-05T15:30:00.000Z	UTC	2025-09-05T16:15:00.000Z	UTC	RRULE:FREQ=WEEKLY;WKST=MO;UNTIL=20260525T000000Z;BYDAY=FR	Physical Education
sections-1th	{}	2025-09-01T10:00:00.000Z	UTC	2025-09-01T10:45:00.000Z	UTC	RRULE:FREQ=WEEKLY;WKST=MO;UNTIL=20260525T000000Z;BYDAY=MO	Lego Club
sections-1th	{}	2025-09-03T10:00:00.000Z	UTC	2025-09-03T10:30:00.000Z	UTC	RRULE:FREQ=WEEKLY;WKST=MO;UNTIL=20260525T000000Z;BYDAY=WE	Puppet Theater
sections-1th	{}	2025-09-03T11:00:00.000Z	UTC	2025-09-03T11:30:00.000Z	UTC	RRULE:FREQ=WEEKLY;WKST=MO;UNTIL=20260525T000000Z;BYDAY=WE	Kids Science Club
sections-1th	{}	2025-09-05T10:00:00.000Z	UTC	2025-09-05T10:45:00.000Z	UTC	RRULE:FREQ=WEEKLY;WKST=MO;UNTIL=20260525T000000Z;BYDAY=FR	Dance Class"
`;
